# doctest-2-matrix_divided.py
""" Test Driven Development to divide a matrix """

Importing the function from the module:
	  >>> matrix_divided = __import__('2-matrix_divided').matrix_divided

>>> matrix_divided(23, 2)
Traceback (most recent call last):
...
TypeError: matrix must be a matrix (list of lists) of integers/floats

>>> matrix_divided([[2, 5], [3, 6]], 0)
Traceback (most recent call last):
...
ZeroDivisionError: division by zero

>>> matrix_divided([[3, 5], [5, 6]], "a")
Traceback (most recent call last):
...
TypeError: div must be a number

>>> matrix_divided([[3, 4, 5], [2, 1]], 4)
Traceback (most recent call last):
...
TypeError: Each row of the matrix must have the same size

>>> matrix_divided([[2, 4], [2, 3]])
Traceback (most recent call last):
...
TypeError: matrix_divided() missing 1 required positional argument: 'div'

>>> matrix_divided([[1, 2, 3], [4, 5, 6]], 2)
[[0.5, 1.0, 1.5], [2.0, 2.5, 3.0]]
